d_coptic_papacy = {
	color = { 217 155 177 }
	color2 = { 220 220 0 }
	definite_form = yes
	ruler_uses_title_name = no
	landless = yes

	capital = c_alexandria

	ai_primary_priority = {
		add = @always_primary_score
	}

	no_automatic_claims = yes
	always_follows_primary_heir = yes
	destroy_if_invalid_heir = yes
}
